int global1;
int & global2;
bool global3;
bool & global4;
void whatever;
void global5;
struct hello myfriend;
struct hello & myBestFriend;
